train 58212 heldout 1788
gen0 heldout teacher-agreement: {'shop': 0.039, 'hand': 0.14, 'pack': 0.22, 'blind': 0.331, 'all': 0.137}
  step 50/7277 loss 2.4681 acc 0.140 0.38s/step
  step 100/7277 loss 2.2345 acc 0.158 0.39s/step
  step 150/7277 loss 2.1133 acc 0.195 0.40s/step
  step 200/7277 loss 2.0701 acc 0.217 0.40s/step
  step 250/7277 loss 1.9000 acc 0.407 0.39s/step
  step 300/7277 loss 1.8015 acc 0.367 0.39s/step
  step 350/7277 loss 1.6856 acc 0.398 0.38s/step
  step 400/7277 loss 1.6010 acc 0.385 0.38s/step
  step 450/7277 loss 1.4986 acc 0.453 0.38s/step
  step 500/7277 loss 1.5833 acc 0.412 0.38s/step
  step 550/7277 loss 1.4299 acc 0.453 0.38s/step
  step 600/7277 loss 1.4190 acc 0.448 0.38s/step
  step 650/7277 loss 1.4642 acc 0.438 0.38s/step
  step 700/7277 loss 1.3892 acc 0.475 0.38s/step
  step 750/7277 loss 1.3523 acc 0.527 0.38s/step
  step 800/7277 loss 1.2212 acc 0.540 0.37s/step
  step 850/7277 loss 1.2536 acc 0.510 0.37s/step
  step 900/7277 loss 1.2076 acc 0.537 0.37s/step
  step 950/7277 loss 1.2138 acc 0.547 0.37s/step
  step 1000/7277 loss 0.9922 acc 0.613 0.37s/step
  step 1050/7277 loss 1.0665 acc 0.613 0.37s/step
  step 1100/7277 loss 1.0982 acc 0.620 0.37s/step
  step 1150/7277 loss 1.0312 acc 0.600 0.37s/step
  step 1200/7277 loss 1.0074 acc 0.650 0.37s/step
  step 1250/7277 loss 1.0781 acc 0.600 0.37s/step
  step 1300/7277 loss 0.9331 acc 0.670 0.37s/step
  step 1350/7277 loss 1.0435 acc 0.625 0.37s/step
  step 1400/7277 loss 1.0378 acc 0.618 0.37s/step
  step 1450/7277 loss 0.9427 acc 0.665 0.37s/step
  step 1500/7277 loss 0.9631 acc 0.655 0.36s/step
  step 1550/7277 loss 1.0422 acc 0.640 0.36s/step
  step 1600/7277 loss 0.9493 acc 0.667 0.36s/step
  step 1650/7277 loss 1.0432 acc 0.660 0.36s/step
  step 1700/7277 loss 0.9738 acc 0.665 0.36s/step
  step 1750/7277 loss 0.9328 acc 0.695 0.36s/step
  step 1800/7277 loss 0.9616 acc 0.672 0.36s/step
  step 1850/7277 loss 1.0418 acc 0.657 0.36s/step
  step 1900/7277 loss 0.9610 acc 0.693 0.36s/step
  step 1950/7277 loss 0.8606 acc 0.677 0.36s/step
  step 2000/7277 loss 0.9534 acc 0.665 0.36s/step
  step 2050/7277 loss 0.9675 acc 0.655 0.36s/step
  step 2100/7277 loss 0.8855 acc 0.703 0.36s/step
  step 2150/7277 loss 0.9288 acc 0.728 0.36s/step
  step 2200/7277 loss 0.9534 acc 0.693 0.36s/step
  step 2250/7277 loss 0.8193 acc 0.700 0.36s/step
  step 2300/7277 loss 0.8797 acc 0.695 0.36s/step
  step 2350/7277 loss 0.9066 acc 0.705 0.36s/step
  step 2400/7277 loss 0.8097 acc 0.738 0.36s/step
  step 2450/7277 loss 0.9211 acc 0.720 0.36s/step
  step 2500/7277 loss 0.8364 acc 0.710 0.36s/step
  step 2550/7277 loss 0.8731 acc 0.700 0.36s/step
  step 2600/7277 loss 0.9378 acc 0.693 0.36s/step
  step 2650/7277 loss 0.8384 acc 0.710 0.36s/step
  step 2700/7277 loss 0.8919 acc 0.700 0.36s/step
  step 2750/7277 loss 0.8944 acc 0.703 0.36s/step
  step 2800/7277 loss 0.9175 acc 0.710 0.36s/step
  step 2850/7277 loss 0.8437 acc 0.728 0.36s/step
  step 2900/7277 loss 0.8564 acc 0.670 0.36s/step
  step 2950/7277 loss 0.8924 acc 0.720 0.36s/step
  step 3000/7277 loss 0.8969 acc 0.713 0.36s/step
  step 3050/7277 loss 0.8810 acc 0.693 0.36s/step
  step 3100/7277 loss 0.7725 acc 0.740 0.36s/step
  step 3150/7277 loss 0.8727 acc 0.695 0.36s/step
  step 3200/7277 loss 0.8434 acc 0.728 0.36s/step
  step 3250/7277 loss 0.8071 acc 0.743 0.36s/step
  step 3300/7277 loss 0.7871 acc 0.725 0.36s/step
  step 3350/7277 loss 0.8245 acc 0.740 0.36s/step
  step 3400/7277 loss 0.8706 acc 0.688 0.36s/step
  step 3450/7277 loss 0.9392 acc 0.667 0.36s/step
  step 3500/7277 loss 0.8813 acc 0.740 0.36s/step
  step 3550/7277 loss 0.8796 acc 0.693 0.36s/step
  step 3600/7277 loss 0.7873 acc 0.728 0.36s/step
  step 3650/7277 loss 0.8419 acc 0.705 0.36s/step
  step 3700/7277 loss 0.8238 acc 0.715 0.36s/step
  step 3750/7277 loss 0.7342 acc 0.775 0.36s/step
  step 3800/7277 loss 0.8604 acc 0.735 0.36s/step
  step 3850/7277 loss 0.9270 acc 0.640 0.36s/step
  step 3900/7277 loss 0.7841 acc 0.728 0.36s/step
  step 3950/7277 loss 0.8552 acc 0.703 0.36s/step
  step 4000/7277 loss 0.8245 acc 0.720 0.36s/step
  step 4050/7277 loss 0.8296 acc 0.718 0.36s/step
  step 4100/7277 loss 0.7515 acc 0.723 0.36s/step
  step 4150/7277 loss 0.8381 acc 0.720 0.36s/step
  step 4200/7277 loss 0.6761 acc 0.770 0.36s/step
  step 4250/7277 loss 0.8002 acc 0.750 0.36s/step
  step 4300/7277 loss 0.7455 acc 0.755 0.36s/step
  step 4350/7277 loss 0.7887 acc 0.718 0.36s/step
  step 4400/7277 loss 0.7859 acc 0.720 0.36s/step
  step 4450/7277 loss 0.7656 acc 0.762 0.36s/step
  step 4500/7277 loss 0.6870 acc 0.755 0.36s/step
  step 4550/7277 loss 0.7302 acc 0.733 0.35s/step
  step 4600/7277 loss 0.7951 acc 0.725 0.35s/step
  step 4650/7277 loss 0.7583 acc 0.760 0.35s/step
  step 4700/7277 loss 0.7551 acc 0.718 0.35s/step
  step 4750/7277 loss 0.6629 acc 0.762 0.35s/step
  step 4800/7277 loss 0.6718 acc 0.765 0.35s/step
  step 4850/7277 loss 0.7682 acc 0.748 0.35s/step
  step 4900/7277 loss 0.7223 acc 0.725 0.35s/step
  step 4950/7277 loss 0.7076 acc 0.760 0.35s/step
  step 5000/7277 loss 0.7933 acc 0.718 0.35s/step
  step 5050/7277 loss 0.8373 acc 0.720 0.35s/step
  step 5100/7277 loss 0.7480 acc 0.743 0.35s/step
  step 5150/7277 loss 0.7595 acc 0.708 0.35s/step
  step 5200/7277 loss 0.7303 acc 0.725 0.35s/step
  step 5250/7277 loss 0.7996 acc 0.738 0.35s/step
  step 5300/7277 loss 0.6934 acc 0.743 0.35s/step
  step 5350/7277 loss 0.7862 acc 0.700 0.35s/step
  step 5400/7277 loss 0.7723 acc 0.708 0.35s/step
  step 5450/7277 loss 0.6984 acc 0.755 0.35s/step
  step 5500/7277 loss 0.7089 acc 0.770 0.35s/step
  step 5550/7277 loss 0.7492 acc 0.750 0.35s/step
  step 5600/7277 loss 0.7885 acc 0.713 0.35s/step
  step 5650/7277 loss 0.7846 acc 0.725 0.36s/step
  step 5700/7277 loss 0.7521 acc 0.745 0.36s/step
  step 5750/7277 loss 0.7745 acc 0.733 0.36s/step
  step 5800/7277 loss 0.7751 acc 0.718 0.36s/step
  step 5850/7277 loss 0.7464 acc 0.735 0.36s/step
  step 5900/7277 loss 0.5996 acc 0.790 0.36s/step
  step 5950/7277 loss 0.7343 acc 0.728 0.36s/step
  step 6000/7277 loss 0.7107 acc 0.755 0.36s/step
  step 6050/7277 loss 0.6532 acc 0.772 0.36s/step
  step 6100/7277 loss 0.7966 acc 0.718 0.36s/step
  step 6150/7277 loss 0.7313 acc 0.757 0.36s/step
  step 6200/7277 loss 0.7498 acc 0.735 0.36s/step
  step 6250/7277 loss 0.7159 acc 0.752 0.36s/step
  step 6300/7277 loss 0.7813 acc 0.720 0.36s/step
  step 6350/7277 loss 0.7026 acc 0.725 0.36s/step
  step 6400/7277 loss 0.8074 acc 0.698 0.36s/step
  step 6450/7277 loss 0.7351 acc 0.748 0.36s/step
  step 6500/7277 loss 0.7111 acc 0.733 0.36s/step
  step 6550/7277 loss 0.6798 acc 0.780 0.36s/step
  step 6600/7277 loss 0.8205 acc 0.710 0.36s/step
  step 6650/7277 loss 0.7443 acc 0.735 0.36s/step
  step 6700/7277 loss 0.5464 acc 0.810 0.36s/step
  step 6750/7277 loss 0.6720 acc 0.770 0.36s/step
  step 6800/7277 loss 0.6557 acc 0.760 0.36s/step
  step 6850/7277 loss 0.7433 acc 0.733 0.36s/step
  step 6900/7277 loss 0.6316 acc 0.765 0.36s/step
  step 6950/7277 loss 0.7248 acc 0.725 0.36s/step
  step 7000/7277 loss 0.7071 acc 0.738 0.36s/step
  step 7050/7277 loss 0.6576 acc 0.770 0.36s/step
  step 7100/7277 loss 0.6760 acc 0.760 0.36s/step
  step 7150/7277 loss 0.7343 acc 0.715 0.37s/step
  step 7200/7277 loss 0.7543 acc 0.725 0.37s/step
  step 7250/7277 loss 0.5874 acc 0.792 0.37s/step
  step 7277/7277 loss 0.7742 acc 0.745 0.37s/step
gen1 heldout teacher-agreement: {'shop': 0.573, 'hand': 0.787, 'pack': 0.709, 'blind': 1.0, 'all': 0.736}
train 29097 heldout 903
sim0015.pt heldout teacher-agreement: {'hand': 0.775, 'shop': 0.386, 'blind': 1.0, 'pack': 0.616, 'all': 0.687}
  step 50/3638 loss 0.8580 acc 0.700 0.67s/step
  step 100/3638 loss 0.9590 acc 0.650 0.69s/step
  step 150/3638 loss 0.8104 acc 0.693 0.69s/step
  step 200/3638 loss 0.9098 acc 0.667 0.70s/step
  step 250/3638 loss 0.9010 acc 0.688 0.69s/step
  step 300/3638 loss 0.8897 acc 0.700 0.69s/step
  step 350/3638 loss 0.9710 acc 0.645 0.70s/step
  step 400/3638 loss 0.9159 acc 0.690 0.70s/step
  step 450/3638 loss 0.8676 acc 0.667 0.70s/step
  step 500/3638 loss 0.8280 acc 0.710 0.71s/step
  step 550/3638 loss 0.8044 acc 0.688 0.71s/step
  step 600/3638 loss 0.7049 acc 0.720 0.71s/step
  step 650/3638 loss 0.8177 acc 0.720 0.72s/step
  step 700/3638 loss 0.7818 acc 0.718 0.72s/step
  step 750/3638 loss 0.7491 acc 0.745 0.71s/step
  step 800/3638 loss 0.7700 acc 0.743 0.72s/step
  step 850/3638 loss 0.7588 acc 0.718 0.72s/step
  step 900/3638 loss 0.8017 acc 0.713 0.71s/step
  step 950/3638 loss 0.7225 acc 0.752 0.72s/step
  step 1000/3638 loss 0.7034 acc 0.720 0.72s/step
  step 1050/3638 loss 0.7329 acc 0.745 0.72s/step
  step 1100/3638 loss 0.7305 acc 0.740 0.72s/step
  step 1150/3638 loss 0.7246 acc 0.765 0.72s/step
  step 1200/3638 loss 0.7357 acc 0.757 0.72s/step
  step 1250/3638 loss 0.5872 acc 0.782 0.72s/step
  step 1300/3638 loss 0.8158 acc 0.720 0.72s/step
  step 1350/3638 loss 0.7331 acc 0.730 0.72s/step
  step 1400/3638 loss 0.8710 acc 0.713 0.72s/step
  step 1450/3638 loss 0.6421 acc 0.780 0.72s/step
  step 1500/3638 loss 0.7247 acc 0.780 0.72s/step
  step 1550/3638 loss 0.7381 acc 0.728 0.72s/step
  step 1600/3638 loss 0.6656 acc 0.797 0.72s/step
  step 1650/3638 loss 0.7087 acc 0.772 0.73s/step
  step 1700/3638 loss 0.6356 acc 0.762 0.73s/step
  step 1750/3638 loss 0.6703 acc 0.738 0.73s/step
  step 1800/3638 loss 0.6953 acc 0.730 0.73s/step
  step 1850/3638 loss 0.6439 acc 0.777 0.73s/step
  step 1900/3638 loss 0.6576 acc 0.775 0.73s/step
  step 1950/3638 loss 0.8127 acc 0.725 0.73s/step
  step 2000/3638 loss 0.7036 acc 0.765 0.73s/step
  step 2050/3638 loss 0.7188 acc 0.752 0.72s/step
  step 2100/3638 loss 0.6095 acc 0.802 0.73s/step
  step 2150/3638 loss 0.6846 acc 0.762 0.73s/step
  step 2200/3638 loss 0.6421 acc 0.780 0.73s/step
  step 2250/3638 loss 0.6669 acc 0.772 0.73s/step
  step 2300/3638 loss 0.6922 acc 0.765 0.72s/step
  step 2350/3638 loss 0.7425 acc 0.775 0.72s/step
  step 2400/3638 loss 0.6946 acc 0.785 0.73s/step
  step 2450/3638 loss 0.6919 acc 0.770 0.73s/step
  step 2500/3638 loss 0.6753 acc 0.752 0.73s/step
  step 2550/3638 loss 0.5771 acc 0.782 0.73s/step
  step 2600/3638 loss 0.6434 acc 0.777 0.73s/step
  step 2650/3638 loss 0.5627 acc 0.815 0.73s/step
  step 2700/3638 loss 0.7217 acc 0.748 0.73s/step
  step 2750/3638 loss 0.5840 acc 0.815 0.73s/step
  step 2800/3638 loss 0.5890 acc 0.800 0.73s/step
  step 2850/3638 loss 0.5833 acc 0.787 0.73s/step
  step 2900/3638 loss 0.6607 acc 0.777 0.73s/step
  step 2950/3638 loss 0.5570 acc 0.833 0.73s/step
  step 3000/3638 loss 0.6546 acc 0.790 0.73s/step
  step 3050/3638 loss 0.6500 acc 0.775 0.73s/step
  step 3100/3638 loss 0.5316 acc 0.823 0.73s/step
  step 3150/3638 loss 0.6913 acc 0.782 0.73s/step
  step 3200/3638 loss 0.6953 acc 0.770 0.73s/step
  step 3250/3638 loss 0.5827 acc 0.812 0.73s/step
  step 3300/3638 loss 0.6104 acc 0.787 0.73s/step
  step 3350/3638 loss 0.7429 acc 0.728 0.73s/step
  step 3400/3638 loss 0.6163 acc 0.790 0.73s/step
  step 3450/3638 loss 0.7242 acc 0.752 0.73s/step
  step 3500/3638 loss 0.5017 acc 0.835 0.73s/step
  step 3550/3638 loss 0.6429 acc 0.760 0.73s/step
  step 3600/3638 loss 0.6064 acc 0.782 0.73s/step
  step 3638/3638 loss 0.7062 acc 0.793 0.73s/step
rich_init.pt heldout teacher-agreement: {'hand': 0.827, 'shop': 0.652, 'blind': 1.0, 'pack': 0.804, 'all': 0.8}
